------------------------------------------------------------
TimeQuest Timing Analyzer Summary
------------------------------------------------------------

Type  : Slow 1100mV 85C Model Setup 'clock1'
Slack : -1.820
TNS   : -1.820

Type  : Slow 1100mV 85C Model Hold 'clock1'
Slack : 0.542
TNS   : 0.000

Type  : Slow 1100mV 85C Model Minimum Pulse Width 'clock1'
Slack : -0.394
TNS   : -6.839

Type  : Slow 1100mV 0C Model Setup 'clock1'
Slack : -1.712
TNS   : -1.712

Type  : Slow 1100mV 0C Model Hold 'clock1'
Slack : 0.520
TNS   : 0.000

Type  : Slow 1100mV 0C Model Minimum Pulse Width 'clock1'
Slack : -0.394
TNS   : -7.001

Type  : Fast 1100mV 85C Model Setup 'clock1'
Slack : -0.733
TNS   : -0.733

Type  : Fast 1100mV 85C Model Hold 'clock1'
Slack : 0.330
TNS   : 0.000

Type  : Fast 1100mV 85C Model Minimum Pulse Width 'clock1'
Slack : -0.268
TNS   : -0.896

Type  : Fast 1100mV 0C Model Setup 'clock1'
Slack : -0.597
TNS   : -0.597

Type  : Fast 1100mV 0C Model Hold 'clock1'
Slack : 0.266
TNS   : 0.000

Type  : Fast 1100mV 0C Model Minimum Pulse Width 'clock1'
Slack : -0.293
TNS   : -1.021

------------------------------------------------------------
